// Jest Snapshot v1, https://goo.gl/fbAQLP

exports[`renders correctly 1`] = `
<div>
  <div
    className="header"
  >
    <h1>
      KUNSTUTSTILLING
    </h1>
  </div>
  <div
    className="main-page"
  >
    <div
      className="vertical-main"
    >
      <ul
        className="tabList"
      >
        <li>
          <label
            className="tab-container"
          >
            <input
              checked={true}
              className="tab-checkbox"
              onChange={[Function]}
              type="radio"
            />
            <div
              className="tab-button"
            >
              Fjell
            </div>
          </label>
        </li>
        <li>
          <label
            className="tab-container"
          >
            <input
              checked={false}
              className="tab-checkbox"
              onChange={[Function]}
              type="radio"
            />
            <div
              className="tab-button"
            >
              Sj√∏
            </div>
          </label>
        </li>
        <li>
          <label
            className="tab-container"
          >
            <input
              checked={false}
              className="tab-checkbox"
              onChange={[Function]}
              type="radio"
            />
            <div
              className="tab-button"
            >
              By
            </div>
          </label>
        </li>
        <li>
          <label
            className="tab-container"
          >
            <input
              checked={false}
              className="tab-checkbox"
              onChange={[Function]}
              type="radio"
            />
            <div
              className="tab-button"
            >
              Skog
            </div>
          </label>
        </li>
      </ul>
      <div
        className="DisplaySection-wrapper"
      >
        <div
          className="DisplaySection-container"
        >
          <div
            className="text-sound"
          >
            <div
              className="svg-container"
              dangerouslySetInnerHTML={
                Object {
                  "__html": Array [],
                }
              }
            />
            <div>
              <audio
                autoPlay={true}
                className="audioPlayer"
                controls={true}
                id="audioPlayer"
                preload="auto"
              >
                <source
                  src="media/sound/Fjell/Opphold.mp3"
                  type="audio/mpeg"
                />
                Your browser does not support the audio element.
              </audio>
            </div>
            <div>
              <p>
                Text is loading...
              </p>
            </div>
          </div>
        </div>
      </div>
    </div>
    <div
      className="vertical-main"
    >
      <ul
        className="selectorSection"
      >
        <li>
          <h3>
            Bilde
          </h3>
          <ul
            className="checkboxSection"
          >
            <li>
              <label
                className="container"
              >
                <input
                  checked={true}
                  className="checkbox"
                  onChange={[Function]}
                  type="radio"
                />
                <span
                  className="checkmark"
                />
                <div>
                  Minimalistisk
                </div>
              </label>
            </li>
            <li>
              <label
                className="container"
              >
                <input
                  checked={false}
                  className="checkbox"
                  onChange={[Function]}
                  type="radio"
                />
                <span
                  className="checkmark"
                />
                <div>
                  Silhuett
                </div>
              </label>
            </li>
            <li>
              <label
                className="container"
              >
                <input
                  checked={false}
                  className="checkbox"
                  onChange={[Function]}
                  type="radio"
                />
                <span
                  className="checkmark"
                />
                <div>
                  Abstrakt
                </div>
              </label>
            </li>
          </ul>
        </li>
        <li>
          <h3>
            Lyd
          </h3>
          <ul
            className="checkboxSection"
          >
            <li>
              <label
                className="container"
              >
                <input
                  checked={true}
                  className="checkbox"
                  onChange={[Function]}
                  type="radio"
                />
                <span
                  className="checkmark"
                />
                <div>
                  Opphold
                </div>
              </label>
            </li>
            <li>
              <label
                className="container"
              >
                <input
                  checked={false}
                  className="checkbox"
                  onChange={[Function]}
                  type="radio"
                />
                <span
                  className="checkmark"
                />
                <div>
                  Regn
                </div>
              </label>
            </li>
            <li>
              <label
                className="container"
              >
                <input
                  checked={false}
                  className="checkbox"
                  onChange={[Function]}
                  type="radio"
                />
                <span
                  className="checkmark"
                />
                <div>
                  Storm
                </div>
              </label>
            </li>
          </ul>
        </li>
        <li>
          <h3>
            Tekst
          </h3>
          <ul
            className="checkboxSection"
          >
            <li>
              <label
                className="container"
              >
                <input
                  checked={true}
                  className="checkbox"
                  onChange={[Function]}
                  type="radio"
                />
                <span
                  className="checkmark"
                />
                <div>
                  Dikt
                </div>
              </label>
            </li>
            <li>
              <label
                className="container"
              >
                <input
                  checked={false}
                  className="checkbox"
                  onChange={[Function]}
                  type="radio"
                />
                <span
                  className="checkmark"
                />
                <div>
                  Haiku
                </div>
              </label>
            </li>
            <li>
              <label
                className="container"
              >
                <input
                  checked={false}
                  className="checkbox"
                  onChange={[Function]}
                  type="radio"
                />
                <span
                  className="checkmark"
                />
                <div>
                  Sangtekst
                </div>
              </label>
            </li>
          </ul>
        </li>
      </ul>
      <div
        className="storage-buttons"
      >
        <button
          className="saveFavButton"
          onClick={[Function]}
        >
          Lagre din favoritt
        </button>
        <button
          className="showFavButton"
          onClick={[Function]}
        >
          Vis din favoritt
        </button>
      </div>
    </div>
  </div>
</div>
`;
